Copyright 1986-2016 Xilinx, Inc. All Rights Reserved.
-------------------------------------------------------------------------------------------------------------------------------------
| Tool Version : Vivado v.2016.3_sdx (lin64) Build 1721784 Tue Nov 29 22:12:24 MST 2016
| Date         : Fri Dec 30 08:32:13 2016
| Host         : hms-beatdown running 64-bit Ubuntu 15.10
| Command      : report_utilization -file xcl_design_dma_pcie_0_utilization_synth.rpt -pb xcl_design_dma_pcie_0_utilization_synth.pb
| Design       : xcl_design_dma_pcie_0
| Device       : xcku060ffva1156-2
| Design State : Synthesized
-------------------------------------------------------------------------------------------------------------------------------------

Utilization Design Information

Table of Contents
-----------------
1. CLB Logic
1.1 Summary of Registers by Type
2. BLOCKRAM
3. ARITHMETIC
4. I/O
5. CLOCK
6. ADVANCED
7. CONFIGURATION
8. Primitives
9. Black Boxes
10. Instantiated Netlists

1. CLB Logic
------------

+----------------------------+-------+-------+-----------+-------+
|          Site Type         |  Used | Fixed | Available | Util% |
+----------------------------+-------+-------+-----------+-------+
| CLB LUTs*                  | 29640 |     0 |    331680 |  8.94 |
|   LUT as Logic             | 26811 |     0 |    331680 |  8.08 |
|   LUT as Memory            |  2829 |     0 |    146880 |  1.93 |
|     LUT as Distributed RAM |  2816 |     0 |           |       |
|     LUT as Shift Register  |    13 |     0 |           |       |
| CLB Registers              | 26387 |     0 |    663360 |  3.98 |
|   Register as Flip Flop    | 26387 |     0 |    663360 |  3.98 |
|   Register as Latch        |     0 |     0 |    663360 |  0.00 |
| CARRY8                     |   456 |     0 |     41460 |  1.10 |
| F7 Muxes                   |   629 |     0 |    165840 |  0.38 |
| F8 Muxes                   |    37 |     0 |     82920 |  0.04 |
| F9 Muxes                   |     0 |     0 |     41460 |  0.00 |
+----------------------------+-------+-------+-----------+-------+
* Warning! The Final LUT count, after physical optimizations and full implementation, is typically lower. Run opt_design after synthesis, if not already completed, for a more realistic count.


1.1 Summary of Registers by Type
--------------------------------

+-------+--------------+-------------+--------------+
| Total | Clock Enable | Synchronous | Asynchronous |
+-------+--------------+-------------+--------------+
| 0     |            _ |           - |            - |
| 0     |            _ |           - |          Set |
| 0     |            _ |           - |        Reset |
| 0     |            _ |         Set |            - |
| 0     |            _ |       Reset |            - |
| 0     |          Yes |           - |            - |
| 5     |          Yes |           - |          Set |
| 2522  |          Yes |           - |        Reset |
| 353   |          Yes |         Set |            - |
| 23507 |          Yes |       Reset |            - |
+-------+--------------+-------------+--------------+


2. BLOCKRAM
-----------

+-------------------+------+-------+-----------+-------+
|     Site Type     | Used | Fixed | Available | Util% |
+-------------------+------+-------+-----------+-------+
| Block RAM Tile    |   47 |     0 |      1080 |  4.35 |
|   RAMB36/FIFO*    |   41 |     2 |      1080 |  3.80 |
|     FIFO36E2 only |    8 |       |           |       |
|     RAMB36E2 only |   33 |       |           |       |
|   RAMB18          |   12 |    12 |      2160 |  0.56 |
|     RAMB18E2 only |   12 |       |           |       |
+-------------------+------+-------+-----------+-------+
* Note: Each Block RAM Tile only has one FIFO logic available and therefore can accommodate only one FIFO36E2 or one FIFO18E2. However, if a FIFO18E2 occupies a Block RAM Tile, that tile can still accommodate a RAMB18E2


3. ARITHMETIC
-------------

+-----------+------+-------+-----------+-------+
| Site Type | Used | Fixed | Available | Util% |
+-----------+------+-------+-----------+-------+
| DSPs      |    0 |     0 |      2760 |  0.00 |
+-----------+------+-------+-----------+-------+


4. I/O
------

+------------+------+-------+-----------+-------+
|  Site Type | Used | Fixed | Available | Util% |
+------------+------+-------+-----------+-------+
| Bonded IOB |    0 |     0 |       520 |  0.00 |
+------------+------+-------+-----------+-------+


5. CLOCK
--------

+----------------------+------+-------+-----------+-------+
|       Site Type      | Used | Fixed | Available | Util% |
+----------------------+------+-------+-----------+-------+
| GLOBAL CLOCK BUFFERs |    5 |     0 |       624 |  0.80 |
|   BUFGCE             |    0 |     0 |       288 |  0.00 |
|   BUFGCE_DIV         |    0 |     0 |        48 |  0.00 |
|   BUFG_GT            |    5 |     0 |       192 |  2.60 |
|   BUFGCTRL*          |    0 |     0 |        96 |  0.00 |
| PLLE3_ADV            |    0 |     0 |        24 |  0.00 |
| MMCME3_ADV           |    0 |     0 |        12 |  0.00 |
+----------------------+------+-------+-----------+-------+
* Note: Each used BUFGCTRL counts as two global buffer resources. This table does not include global clocking resources, only buffer cell usage. See the Clock Utilization Report (report_clock_utilization) for detailed accounting of global clocking resource availability.


6. ADVANCED
-----------

+-----------------+------+-------+-----------+-------+
|    Site Type    | Used | Fixed | Available | Util% |
+-----------------+------+-------+-----------+-------+
| GTHE3_CHANNEL   |    8 |     8 |        28 | 28.57 |
| GTHE3_COMMON    |    2 |     0 |         7 | 28.57 |
| IBUFDS_GTE3     |    0 |     0 |        14 |  0.00 |
| OBUFDS_GTE3     |    0 |     0 |        14 |  0.00 |
| OBUFDS_GTE3_ADV |    0 |     0 |        14 |  0.00 |
| PCIE_3_1        |    1 |     1 |         3 | 33.33 |
| SYSMONE1        |    0 |     0 |         1 |  0.00 |
+-----------------+------+-------+-----------+-------+


7. CONFIGURATION
----------------

+-------------+------+-------+-----------+-------+
|  Site Type  | Used | Fixed | Available | Util% |
+-------------+------+-------+-----------+-------+
| BSCANE2     |    0 |     0 |         4 |  0.00 |
| DNA_PORTE2  |    0 |     0 |         1 |  0.00 |
| EFUSE_USR   |    0 |     0 |         1 |  0.00 |
| FRAME_ECCE3 |    0 |     0 |         1 |  0.00 |
| ICAPE3      |    0 |     0 |         2 |  0.00 |
| STARTUPE3   |    0 |     0 |         1 |  0.00 |
+-------------+------+-------+-----------+-------+


8. Primitives
-------------

+---------------+-------+---------------------+
|    Ref Name   |  Used | Functional Category |
+---------------+-------+---------------------+
| FDRE          | 23507 |            Register |
| LUT6          | 12104 |                 CLB |
| LUT3          |  5915 |                 CLB |
| RAMD32        |  4798 |                 CLB |
| LUT5          |  4734 |                 CLB |
| LUT4          |  4317 |                 CLB |
| FDCE          |  2522 |            Register |
| LUT2          |  2422 |                 CLB |
| LUT1          |  2153 |                 CLB |
| RAMS32        |   681 |                 CLB |
| MUXF7         |   629 |                 CLB |
| CARRY8        |   456 |                 CLB |
| FDSE          |   353 |            Register |
| MUXF8         |    37 |                 CLB |
| RAMB36E2      |    33 |           Block Ram |
| SRL16E        |    13 |                 CLB |
| RAMB18E2      |    12 |           Block Ram |
| RAMS64E       |     9 |                 CLB |
| GTHE3_CHANNEL |     8 |            Advanced |
| FIFO36E2      |     8 |           Block Ram |
| FDPE          |     5 |            Register |
| BUFG_GT       |     5 |               Clock |
| GTHE3_COMMON  |     2 |            Advanced |
| BUFG_GT_SYNC  |     2 |               Clock |
| PCIE_3_1      |     1 |            Advanced |
+---------------+-------+---------------------+


9. Black Boxes
--------------

+----------+------+
| Ref Name | Used |
+----------+------+


10. Instantiated Netlists
-------------------------

+----------+------+
| Ref Name | Used |
+----------+------+


